    ⚓ ━━━━━━━━━━━━━━━━━━━━━━━━━━━━━━━━━━━━━━━━ ⚓
    ┃                                              ┃
    ┃   Fair winds and following seas,              ┃
    ┃           sailor.                             ┃
    ┃                                              ┃
    ┃   Thanks for visiting {{board.name}}.         ┃
    ┃   Come back soon!                             ┃
    ┃                                              ┃
    ⚓ ━━━━━━━━━━━━━━━━━━━━━━━━━━━━━━━━━━━━━━━━ ⚓
