    ⚓ ━━━━━━━━━━━━━━━━━━━━━━━━━━━━━━━━ ⚓
    ┃                                    ┃
    ┃   Fair winds and following seas,   ┃
    ┃           sailor.                  ┃
    ┃                                    ┃
    ┃   Thanks for visiting Golf Sucks.  ┃
    ┃   Come back soon!                  ┃
    ┃                                    ┃
    ⚓ ━━━━━━━━━━━━━━━━━━━━━━━━━━━━━━━━ ⚓
